// Jest Snapshot v1, https://goo.gl/fbAQLP

exports[`Should render Header correctly 1`] = `
<DocumentFragment>
  <header>
    <h1>
      Expensify App
    </h1>
    <a
      aria-current="page"
      class="is-active"
      href="/"
    >
      Home
    </a>
    <a
      href="/create"
    >
      Create expense
    </a>
    <a
      href="/help"
    >
      Help expense
    </a>
  </header>
</DocumentFragment>
`;
